<?xml version="1.0" encoding="UTF-8"?>
<testsuites name="jest tests" tests="2" failures="0" errors="0" time="2.541">
  <testsuite name="undefined" errors="0" failures="0" skipped="0" timestamp="2021-07-17T15:37:26" time="1.184" tests="1">
    <testcase classname=" calculator-add" name=" calculator-add" time="0.002">
    </testcase>
  </testsuite>
  <testsuite name="undefined" errors="0" failures="0" skipped="0" timestamp="2021-07-17T15:37:26" time="1.39" tests="1">
    <testcase classname=" renders learn react link" name=" renders learn react link" time="0.03">
    </testcase>
  </testsuite>
</testsuites>